uv : Traceback (most recent call last):
所在位置 行:1 字符: 1
+ uv run uvicorn main:app --host 0.0.0.0 --port 8083 --log-level info 2 ...
+ ~~~~~~~~~~~~~~~~~~~~~~~~~~~~~~~~~~~~~~~~~~~~~~~~~~~~~~~~~~~~~~~~~~~~~
    + CategoryInfo          : NotSpecified: (Traceback (most recent call last)::String) [], RemoteException
    + FullyQualifiedErrorId : NativeCommandError
 
  File "<frozen runpy>", line 198, in _run_module_as_main
  File "<frozen runpy>", line 88, in _run_code
  File "D:\DevSpace\person\ai_space\Jxin-Cai\velpos\backend\.venv\Scripts\uvicorn.exe\__main__.py", line 10, in <module
>
  File "D:\DevSpace\person\ai_space\Jxin-Cai\velpos\backend\.venv\Lib\site-packages\click\core.py", line 1485, in __cal
l__
    return self.main(*args, **kwargs)
           ^^^^^^^^^^^^^^^^^^^^^^^^^^
  File "D:\DevSpace\person\ai_space\Jxin-Cai\velpos\backend\.venv\Lib\site-packages\click\core.py", line 1406, in main
    rv = self.invoke(ctx)
         ^^^^^^^^^^^^^^^^
  File "D:\DevSpace\person\ai_space\Jxin-Cai\velpos\backend\.venv\Lib\site-packages\click\core.py", line 1269, in invok
e
    return ctx.invoke(self.callback, **ctx.params)
           ^^^^^^^^^^^^^^^^^^^^^^^^^^^^^^^^^^^^^^^
  File "D:\DevSpace\person\ai_space\Jxin-Cai\velpos\backend\.venv\Lib\site-packages\click\core.py", line 824, in invoke
    return callback(*args, **kwargs)
           ^^^^^^^^^^^^^^^^^^^^^^^^^
  File "D:\DevSpace\person\ai_space\Jxin-Cai\velpos\backend\.venv\Lib\site-packages\uvicorn\main.py", line 433, in main
    run(
  File "D:\DevSpace\person\ai_space\Jxin-Cai\velpos\backend\.venv\Lib\site-packages\uvicorn\main.py", line 606, in run
    server.run()
  File "D:\DevSpace\person\ai_space\Jxin-Cai\velpos\backend\.venv\Lib\site-packages\uvicorn\server.py", line 75, in run
    return asyncio_run(self.serve(sockets=sockets), loop_factory=self.config.get_loop_factory())
           ^^^^^^^^^^^^^^^^^^^^^^^^^^^^^^^^^^^^^^^^^^^^^^^^^^^^^^^^^^^^^^^^^^^^^^^^^^^^^^^^^^^^^
  File "D:\DevSpace\person\ai_space\Jxin-Cai\velpos\backend\.venv\Lib\site-packages\uvicorn\_compat.py", line 30, in as
yncio_run
    return runner.run(main)
           ^^^^^^^^^^^^^^^^
  File "D:\Programs\anaconda3\Lib\asyncio\runners.py", line 118, in run
    return self._loop.run_until_complete(task)
           ^^^^^^^^^^^^^^^^^^^^^^^^^^^^^^^^^^^
  File "D:\Programs\anaconda3\Lib\asyncio\base_events.py", line 653, in run_until_complete
    return future.result()
           ^^^^^^^^^^^^^^^
  File "D:\DevSpace\person\ai_space\Jxin-Cai\velpos\backend\.venv\Lib\site-packages\uvicorn\server.py", line 79, in ser
ve
    await self._serve(sockets)
  File "D:\DevSpace\person\ai_space\Jxin-Cai\velpos\backend\.venv\Lib\site-packages\uvicorn\server.py", line 86, in _se
rve
    config.load()
  File "D:\DevSpace\person\ai_space\Jxin-Cai\velpos\backend\.venv\Lib\site-packages\uvicorn\config.py", line 441, in lo
ad
    self.loaded_app = import_from_string(self.app)
                      ^^^^^^^^^^^^^^^^^^^^^^^^^^^^
  File "D:\DevSpace\person\ai_space\Jxin-Cai\velpos\backend\.venv\Lib\site-packages\uvicorn\importer.py", line 19, in i
mport_from_string
    module = importlib.import_module(module_str)
             ^^^^^^^^^^^^^^^^^^^^^^^^^^^^^^^^^^^
  File "D:\Programs\anaconda3\Lib\importlib\__init__.py", line 126, in import_module
    return _bootstrap._gcd_import(name[level:], package, level)
           ^^^^^^^^^^^^^^^^^^^^^^^^^^^^^^^^^^^^^^^^^^^^^^^^^^^^
  File "<frozen importlib._bootstrap>", line 1204, in _gcd_import
  File "<frozen importlib._bootstrap>", line 1176, in _find_and_load
  File "<frozen importlib._bootstrap>", line 1147, in _find_and_load_unlocked
  File "<frozen importlib._bootstrap>", line 690, in _load_unlocked
  File "<frozen importlib._bootstrap_external>", line 940, in exec_module
  File "<frozen importlib._bootstrap>", line 241, in _call_with_frames_removed
  File "D:\DevSpace\person\ai_space\Jxin-Cai\velpos\backend\main.py", line 17, in <module>
    from ohs.http.agent_router import router as agent_router
  File "D:\DevSpace\person\ai_space\Jxin-Cai\velpos\backend\ohs\http\agent_router.py", line 8, in <module>
    from ohs.dependencies import get_agent_application_service, get_project_repository
  File "D:\DevSpace\person\ai_space\Jxin-Cai\velpos\backend\ohs\dependencies.py", line 35, in <module>
    from infr.config.database import get_async_session
  File "D:\DevSpace\person\ai_space\Jxin-Cai\velpos\backend\infr\config\database.py", line 13, in <module>
    from infr.config.base import DATABASE_URL, Base
  File "D:\DevSpace\person\ai_space\Jxin-Cai\velpos\backend\infr\config\base.py", line 9, in <module>
    raise RuntimeError("环境变量 DATABASE_URL 未设置，请在 .env 文件中配置")
RuntimeError: 环境变量 DATABASE_URL 未设置，请在 .env 文件中配置
